Copyright 1986-2022 Xilinx, Inc. All Rights Reserved. Copyright 2022-2024 Advanced Micro Devices, Inc. All Rights Reserved.
------------------------------------------------------------------------------------------------------------------------------------------------------------------------------------------------------------------------------------------------
| Tool Version : Vivado v.2024.1.2 (lin64) Build 5164865 Thu Sep  5 14:36:28 MDT 2024
| Date         : Fri Feb 21 13:44:06 2025
| Host         : ece-linlabsrv01.ece.gatech.edu running 64-bit Red Hat Enterprise Linux release 8.10 (Ootpa)
| Command      : report_timing_summary -max_paths 10 -report_unconstrained -file sequence_detector_timing_summary_routed.rpt -pb sequence_detector_timing_summary_routed.pb -rpx sequence_detector_timing_summary_routed.rpx -warn_on_violation
| Design       : sequence_detector
| Device       : 7a35t-cpg236
| Speed File   : -1  PRODUCTION 1.23 2018-06-13
| Design State : Routed
------------------------------------------------------------------------------------------------------------------------------------------------------------------------------------------------------------------------------------------------

Timing Summary Report

------------------------------------------------------------------------------------------------
| Timer Settings
| --------------
------------------------------------------------------------------------------------------------

  Enable Multi Corner Analysis               :  Yes
  Enable Pessimism Removal                   :  Yes
  Pessimism Removal Resolution               :  Nearest Common Node
  Enable Input Delay Default Clock           :  No
  Enable Preset / Clear Arcs                 :  No
  Disable Flight Delays                      :  No
  Ignore I/O Paths                           :  No
  Timing Early Launch at Borrowing Latches   :  No
  Borrow Time for Max Delay Exceptions       :  Yes
  Merge Timing Exceptions                    :  Yes
  Inter-SLR Compensation                     :  Conservative

  Corner  Analyze    Analyze    
  Name    Max Paths  Min Paths  
  ------  ---------  ---------  
  Slow    Yes        Yes        
  Fast    Yes        Yes        


------------------------------------------------------------------------------------------------
| Report Methodology
| ------------------
------------------------------------------------------------------------------------------------

Rule       Severity  Description                    Violations  
---------  --------  -----------------------------  ----------  
TIMING-18  Warning   Missing input or output delay  2           

Note: This report is based on the most recent report_methodology run and may not be up-to-date. Run report_methodology on the current design for the latest report.



check_timing report

Table of Contents
-----------------
1. checking no_clock (0)
2. checking constant_clock (0)
3. checking pulse_width_clock (0)
4. checking unconstrained_internal_endpoints (0)
5. checking no_input_delay (1)
6. checking no_output_delay (1)
7. checking multiple_clock (0)
8. checking generated_clocks (0)
9. checking loops (0)
10. checking partial_input_delay (0)
11. checking partial_output_delay (0)
12. checking latch_loops (0)

1. checking no_clock (0)
------------------------
 There are 0 register/latch pins with no clock.


2. checking constant_clock (0)
------------------------------
 There are 0 register/latch pins with constant_clock.


3. checking pulse_width_clock (0)
---------------------------------
 There are 0 register/latch pins which need pulse_width check


4. checking unconstrained_internal_endpoints (0)
------------------------------------------------
 There are 0 pins that are not constrained for maximum delay.

 There are 0 pins that are not constrained for maximum delay due to constant clock.


5. checking no_input_delay (1)
------------------------------
 There is 1 input port with no input delay specified. (HIGH)

 There are 0 input ports with no input delay but user has a false path constraint.


6. checking no_output_delay (1)
-------------------------------
 There is 1 port with no output delay specified. (HIGH)

 There are 0 ports with no output delay but user has a false path constraint

 There are 0 ports with no output delay but with a timing clock defined on it or propagating through it


7. checking multiple_clock (0)
------------------------------
 There are 0 register/latch pins with multiple clocks.


8. checking generated_clocks (0)
--------------------------------
 There are 0 generated clocks that are not connected to a clock source.


9. checking loops (0)
---------------------
 There are 0 combinational loops in the design.


10. checking partial_input_delay (0)
------------------------------------
 There are 0 input ports with partial input delay specified.


11. checking partial_output_delay (0)
-------------------------------------
 There are 0 ports with partial output delay specified.


12. checking latch_loops (0)
----------------------------
 There are 0 combinational latch loops in the design through latch input



------------------------------------------------------------------------------------------------
| Design Timing Summary
| ---------------------
------------------------------------------------------------------------------------------------

    WNS(ns)      TNS(ns)  TNS Failing Endpoints  TNS Total Endpoints      WHS(ns)      THS(ns)  THS Failing Endpoints  THS Total Endpoints     WPWS(ns)     TPWS(ns)  TPWS Failing Endpoints  TPWS Total Endpoints  
    -------      -------  ---------------------  -------------------      -------      -------  ---------------------  -------------------     --------     --------  ----------------------  --------------------  
     22.988        0.000                      0                    3        0.261        0.000                      0                    3       12.000        0.000                       0                     4  


All user specified timing constraints are met.


------------------------------------------------------------------------------------------------
| Clock Summary
| -------------
------------------------------------------------------------------------------------------------

Clock      Waveform(ns)       Period(ns)      Frequency(MHz)
-----      ------------       ----------      --------------
clk_pin_p  {0.000 12.500}     25.000          40.000          


------------------------------------------------------------------------------------------------
| Intra Clock Table
| -----------------
------------------------------------------------------------------------------------------------

Clock             WNS(ns)      TNS(ns)  TNS Failing Endpoints  TNS Total Endpoints      WHS(ns)      THS(ns)  THS Failing Endpoints  THS Total Endpoints     WPWS(ns)     TPWS(ns)  TPWS Failing Endpoints  TPWS Total Endpoints  
-----             -------      -------  ---------------------  -------------------      -------      -------  ---------------------  -------------------     --------     --------  ----------------------  --------------------  
clk_pin_p          22.988        0.000                      0                    3        0.261        0.000                      0                    3       12.000        0.000                       0                     4  


------------------------------------------------------------------------------------------------
| Inter Clock Table
| -----------------
------------------------------------------------------------------------------------------------

From Clock    To Clock          WNS(ns)      TNS(ns)  TNS Failing Endpoints  TNS Total Endpoints      WHS(ns)      THS(ns)  THS Failing Endpoints  THS Total Endpoints  
----------    --------          -------      -------  ---------------------  -------------------      -------      -------  ---------------------  -------------------  


------------------------------------------------------------------------------------------------
| Other Path Groups Table
| -----------------------
------------------------------------------------------------------------------------------------

Path Group    From Clock    To Clock          WNS(ns)      TNS(ns)  TNS Failing Endpoints  TNS Total Endpoints      WHS(ns)      THS(ns)  THS Failing Endpoints  THS Total Endpoints  
----------    ----------    --------          -------      -------  ---------------------  -------------------      -------      -------  ---------------------  -------------------  


------------------------------------------------------------------------------------------------
| User Ignored Path Table
| -----------------------
------------------------------------------------------------------------------------------------

Path Group    From Clock    To Clock    
----------    ----------    --------    


------------------------------------------------------------------------------------------------
| Unconstrained Path Table
| ------------------------
------------------------------------------------------------------------------------------------

Path Group    From Clock    To Clock    
----------    ----------    --------    
(none)                                    
(none)        clk_pin_p                   
(none)                      clk_pin_p     


------------------------------------------------------------------------------------------------
| Timing Details
| --------------
------------------------------------------------------------------------------------------------


---------------------------------------------------------------------------------------------------
From Clock:  clk_pin_p
  To Clock:  clk_pin_p

Setup :            0  Failing Endpoints,  Worst Slack       22.988ns,  Total Violation        0.000ns
Hold  :            0  Failing Endpoints,  Worst Slack        0.261ns,  Total Violation        0.000ns
PW    :            0  Failing Endpoints,  Worst Slack       12.000ns,  Total Violation        0.000ns
---------------------------------------------------------------------------------------------------


Max Delay Paths
--------------------------------------------------------------------------------------
Slack (MET) :             22.988ns  (required time - arrival time)
  Source:                 FSM_sequential_state_reg[0]/C
                            (rising edge-triggered cell FDRE clocked by clk_pin_p  {rise@0.000ns fall@12.500ns period=25.000ns})
  Destination:            FSM_sequential_state_reg[2]/D
                            (rising edge-triggered cell FDRE clocked by clk_pin_p  {rise@0.000ns fall@12.500ns period=25.000ns})
  Path Group:             clk_pin_p
  Path Type:              Setup (Max at Slow Process Corner)
  Requirement:            25.000ns  (clk_pin_p rise@25.000ns - clk_pin_p rise@0.000ns)
  Data Path Delay:        2.024ns  (logic 0.608ns (30.041%)  route 1.416ns (69.959%))
  Logic Levels:           1  (LUT4=1)
  Clock Path Skew:        0.000ns (DCD - SCD + CPR)
    Destination Clock Delay (DCD):    4.284ns = ( 29.284 - 25.000 ) 
    Source Clock Delay      (SCD):    4.645ns
    Clock Pessimism Removal (CPR):    0.361ns
  Clock Uncertainty:      0.035ns  ((TSJ^2 + TIJ^2)^1/2 + DJ) / 2 + PE
    Total System Jitter     (TSJ):    0.071ns
    Total Input Jitter      (TIJ):    0.000ns
    Discrete Jitter          (DJ):    0.000ns
    Phase Error              (PE):    0.000ns

    Location             Delay type                Incr(ns)  Path(ns)    Netlist Resource(s)
  -------------------------------------------------------------------    -------------------
                         (clock clk_pin_p rise edge)
                                                      0.000     0.000 r  
    M18                                               0.000     0.000 r  clk (IN)
                         net (fo=0)                   0.000     0.000    clk
    M18                  IBUF (Prop_ibuf_I_O)         0.938     0.938 r  clk_IBUF_inst/O
                         net (fo=1, routed)           1.972     2.910    clk_IBUF
    BUFGCTRL_X0Y0        BUFG (Prop_bufg_I_O)         0.096     3.006 r  clk_IBUF_BUFG_inst/O
                         net (fo=3, routed)           1.639     4.645    clk_IBUF_BUFG
    SLICE_X0Y0           FDRE                                         r  FSM_sequential_state_reg[0]/C
  -------------------------------------------------------------------    -------------------
    SLICE_X0Y0           FDRE (Prop_fdre_C_Q)         0.456     5.101 r  FSM_sequential_state_reg[0]/Q
                         net (fo=4, routed)           1.416     6.517    state[0]
    SLICE_X0Y0           LUT4 (Prop_lut4_I3_O)        0.152     6.669 r  FSM_sequential_state[2]_i_1/O
                         net (fo=1, routed)           0.000     6.669    next_state[2]
    SLICE_X0Y0           FDRE                                         r  FSM_sequential_state_reg[2]/D
  -------------------------------------------------------------------    -------------------

                         (clock clk_pin_p rise edge)
                                                     25.000    25.000 r  
    M18                                               0.000    25.000 r  clk (IN)
                         net (fo=0)                   0.000    25.000    clk
    M18                  IBUF (Prop_ibuf_I_O)         0.805    25.805 r  clk_IBUF_inst/O
                         net (fo=1, routed)           1.868    27.673    clk_IBUF
    BUFGCTRL_X0Y0        BUFG (Prop_bufg_I_O)         0.091    27.764 r  clk_IBUF_BUFG_inst/O
                         net (fo=3, routed)           1.520    29.284    clk_IBUF_BUFG
    SLICE_X0Y0           FDRE                                         r  FSM_sequential_state_reg[2]/C
                         clock pessimism              0.361    29.645    
                         clock uncertainty           -0.035    29.610    
    SLICE_X0Y0           FDRE (Setup_fdre_C_D)        0.047    29.657    FSM_sequential_state_reg[2]
  -------------------------------------------------------------------
                         required time                         29.657    
                         arrival time                          -6.669    
  -------------------------------------------------------------------
                         slack                                 22.988    

Slack (MET) :             23.678ns  (required time - arrival time)
  Source:                 FSM_sequential_state_reg[1]/C
                            (rising edge-triggered cell FDRE clocked by clk_pin_p  {rise@0.000ns fall@12.500ns period=25.000ns})
  Destination:            FSM_sequential_state_reg[0]/D
                            (rising edge-triggered cell FDRE clocked by clk_pin_p  {rise@0.000ns fall@12.500ns period=25.000ns})
  Path Group:             clk_pin_p
  Path Type:              Setup (Max at Slow Process Corner)
  Requirement:            25.000ns  (clk_pin_p rise@25.000ns - clk_pin_p rise@0.000ns)
  Data Path Delay:        1.316ns  (logic 0.718ns (54.564%)  route 0.598ns (45.436%))
  Logic Levels:           1  (LUT4=1)
  Clock Path Skew:        0.000ns (DCD - SCD + CPR)
    Destination Clock Delay (DCD):    4.284ns = ( 29.284 - 25.000 ) 
    Source Clock Delay      (SCD):    4.645ns
    Clock Pessimism Removal (CPR):    0.361ns
  Clock Uncertainty:      0.035ns  ((TSJ^2 + TIJ^2)^1/2 + DJ) / 2 + PE
    Total System Jitter     (TSJ):    0.071ns
    Total Input Jitter      (TIJ):    0.000ns
    Discrete Jitter          (DJ):    0.000ns
    Phase Error              (PE):    0.000ns

    Location             Delay type                Incr(ns)  Path(ns)    Netlist Resource(s)
  -------------------------------------------------------------------    -------------------
                         (clock clk_pin_p rise edge)
                                                      0.000     0.000 r  
    M18                                               0.000     0.000 r  clk (IN)
                         net (fo=0)                   0.000     0.000    clk
    M18                  IBUF (Prop_ibuf_I_O)         0.938     0.938 r  clk_IBUF_inst/O
                         net (fo=1, routed)           1.972     2.910    clk_IBUF
    BUFGCTRL_X0Y0        BUFG (Prop_bufg_I_O)         0.096     3.006 r  clk_IBUF_BUFG_inst/O
                         net (fo=3, routed)           1.639     4.645    clk_IBUF_BUFG
    SLICE_X0Y0           FDRE                                         r  FSM_sequential_state_reg[1]/C
  -------------------------------------------------------------------    -------------------
    SLICE_X0Y0           FDRE (Prop_fdre_C_Q)         0.419     5.064 f  FSM_sequential_state_reg[1]/Q
                         net (fo=4, routed)           0.598     5.662    state[1]
    SLICE_X0Y0           LUT4 (Prop_lut4_I2_O)        0.299     5.961 r  FSM_sequential_state[0]_i_1/O
                         net (fo=1, routed)           0.000     5.961    next_state[0]
    SLICE_X0Y0           FDRE                                         r  FSM_sequential_state_reg[0]/D
  -------------------------------------------------------------------    -------------------

                         (clock clk_pin_p rise edge)
                                                     25.000    25.000 r  
    M18                                               0.000    25.000 r  clk (IN)
                         net (fo=0)                   0.000    25.000    clk
    M18                  IBUF (Prop_ibuf_I_O)         0.805    25.805 r  clk_IBUF_inst/O
                         net (fo=1, routed)           1.868    27.673    clk_IBUF
    BUFGCTRL_X0Y0        BUFG (Prop_bufg_I_O)         0.091    27.764 r  clk_IBUF_BUFG_inst/O
                         net (fo=3, routed)           1.520    29.284    clk_IBUF_BUFG
    SLICE_X0Y0           FDRE                                         r  FSM_sequential_state_reg[0]/C
                         clock pessimism              0.361    29.645    
                         clock uncertainty           -0.035    29.610    
    SLICE_X0Y0           FDRE (Setup_fdre_C_D)        0.029    29.639    FSM_sequential_state_reg[0]
  -------------------------------------------------------------------
                         required time                         29.639    
                         arrival time                          -5.961    
  -------------------------------------------------------------------
                         slack                                 23.678    

Slack (MET) :             23.698ns  (required time - arrival time)
  Source:                 FSM_sequential_state_reg[1]/C
                            (rising edge-triggered cell FDRE clocked by clk_pin_p  {rise@0.000ns fall@12.500ns period=25.000ns})
  Destination:            FSM_sequential_state_reg[1]/D
                            (rising edge-triggered cell FDRE clocked by clk_pin_p  {rise@0.000ns fall@12.500ns period=25.000ns})
  Path Group:             clk_pin_p
  Path Type:              Setup (Max at Slow Process Corner)
  Requirement:            25.000ns  (clk_pin_p rise@25.000ns - clk_pin_p rise@0.000ns)
  Data Path Delay:        1.342ns  (logic 0.744ns (55.444%)  route 0.598ns (44.556%))
  Logic Levels:           1  (LUT4=1)
  Clock Path Skew:        0.000ns (DCD - SCD + CPR)
    Destination Clock Delay (DCD):    4.284ns = ( 29.284 - 25.000 ) 
    Source Clock Delay      (SCD):    4.645ns
    Clock Pessimism Removal (CPR):    0.361ns
  Clock Uncertainty:      0.035ns  ((TSJ^2 + TIJ^2)^1/2 + DJ) / 2 + PE
    Total System Jitter     (TSJ):    0.071ns
    Total Input Jitter      (TIJ):    0.000ns
    Discrete Jitter          (DJ):    0.000ns
    Phase Error              (PE):    0.000ns

    Location             Delay type                Incr(ns)  Path(ns)    Netlist Resource(s)
  -------------------------------------------------------------------    -------------------
                         (clock clk_pin_p rise edge)
                                                      0.000     0.000 r  
    M18                                               0.000     0.000 r  clk (IN)
                         net (fo=0)                   0.000     0.000    clk
    M18                  IBUF (Prop_ibuf_I_O)         0.938     0.938 r  clk_IBUF_inst/O
                         net (fo=1, routed)           1.972     2.910    clk_IBUF
    BUFGCTRL_X0Y0        BUFG (Prop_bufg_I_O)         0.096     3.006 r  clk_IBUF_BUFG_inst/O
                         net (fo=3, routed)           1.639     4.645    clk_IBUF_BUFG
    SLICE_X0Y0           FDRE                                         r  FSM_sequential_state_reg[1]/C
  -------------------------------------------------------------------    -------------------
    SLICE_X0Y0           FDRE (Prop_fdre_C_Q)         0.419     5.064 r  FSM_sequential_state_reg[1]/Q
                         net (fo=4, routed)           0.598     5.662    state[1]
    SLICE_X0Y0           LUT4 (Prop_lut4_I1_O)        0.325     5.987 r  FSM_sequential_state[1]_i_1/O
                         net (fo=1, routed)           0.000     5.987    next_state[1]
    SLICE_X0Y0           FDRE                                         r  FSM_sequential_state_reg[1]/D
  -------------------------------------------------------------------    -------------------

                         (clock clk_pin_p rise edge)
                                                     25.000    25.000 r  
    M18                                               0.000    25.000 r  clk (IN)
                         net (fo=0)                   0.000    25.000    clk
    M18                  IBUF (Prop_ibuf_I_O)         0.805    25.805 r  clk_IBUF_inst/O
                         net (fo=1, routed)           1.868    27.673    clk_IBUF
    BUFGCTRL_X0Y0        BUFG (Prop_bufg_I_O)         0.091    27.764 r  clk_IBUF_BUFG_inst/O
                         net (fo=3, routed)           1.520    29.284    clk_IBUF_BUFG
    SLICE_X0Y0           FDRE                                         r  FSM_sequential_state_reg[1]/C
                         clock pessimism              0.361    29.645    
                         clock uncertainty           -0.035    29.610    
    SLICE_X0Y0           FDRE (Setup_fdre_C_D)        0.075    29.685    FSM_sequential_state_reg[1]
  -------------------------------------------------------------------
                         required time                         29.685    
                         arrival time                          -5.987    
  -------------------------------------------------------------------
                         slack                                 23.698    





Min Delay Paths
--------------------------------------------------------------------------------------
Slack (MET) :             0.261ns  (arrival time - required time)
  Source:                 FSM_sequential_state_reg[0]/C
                            (rising edge-triggered cell FDRE clocked by clk_pin_p  {rise@0.000ns fall@12.500ns period=25.000ns})
  Destination:            FSM_sequential_state_reg[1]/D
                            (rising edge-triggered cell FDRE clocked by clk_pin_p  {rise@0.000ns fall@12.500ns period=25.000ns})
  Path Group:             clk_pin_p
  Path Type:              Hold (Min at Fast Process Corner)
  Requirement:            0.000ns  (clk_pin_p rise@0.000ns - clk_pin_p rise@0.000ns)
  Data Path Delay:        0.368ns  (logic 0.183ns (49.764%)  route 0.185ns (50.236%))
  Logic Levels:           1  (LUT4=1)
  Clock Path Skew:        0.000ns (DCD - SCD - CPR)
    Destination Clock Delay (DCD):    1.940ns
    Source Clock Delay      (SCD):    1.423ns
    Clock Pessimism Removal (CPR):    0.517ns

    Location             Delay type                Incr(ns)  Path(ns)    Netlist Resource(s)
  -------------------------------------------------------------------    -------------------
                         (clock clk_pin_p rise edge)
                                                      0.000     0.000 r  
    M18                                               0.000     0.000 r  clk (IN)
                         net (fo=0)                   0.000     0.000    clk
    M18                  IBUF (Prop_ibuf_I_O)         0.167     0.167 r  clk_IBUF_inst/O
                         net (fo=1, routed)           0.634     0.801    clk_IBUF
    BUFGCTRL_X0Y0        BUFG (Prop_bufg_I_O)         0.026     0.827 r  clk_IBUF_BUFG_inst/O
                         net (fo=3, routed)           0.596     1.423    clk_IBUF_BUFG
    SLICE_X0Y0           FDRE                                         r  FSM_sequential_state_reg[0]/C
  -------------------------------------------------------------------    -------------------
    SLICE_X0Y0           FDRE (Prop_fdre_C_Q)         0.141     1.564 r  FSM_sequential_state_reg[0]/Q
                         net (fo=4, routed)           0.185     1.749    state[0]
    SLICE_X0Y0           LUT4 (Prop_lut4_I2_O)        0.042     1.791 r  FSM_sequential_state[1]_i_1/O
                         net (fo=1, routed)           0.000     1.791    next_state[1]
    SLICE_X0Y0           FDRE                                         r  FSM_sequential_state_reg[1]/D
  -------------------------------------------------------------------    -------------------

                         (clock clk_pin_p rise edge)
                                                      0.000     0.000 r  
    M18                                               0.000     0.000 r  clk (IN)
                         net (fo=0)                   0.000     0.000    clk
    M18                  IBUF (Prop_ibuf_I_O)         0.356     0.356 r  clk_IBUF_inst/O
                         net (fo=1, routed)           0.689     1.044    clk_IBUF
    BUFGCTRL_X0Y0        BUFG (Prop_bufg_I_O)         0.029     1.073 r  clk_IBUF_BUFG_inst/O
                         net (fo=3, routed)           0.867     1.940    clk_IBUF_BUFG
    SLICE_X0Y0           FDRE                                         r  FSM_sequential_state_reg[1]/C
                         clock pessimism             -0.517     1.423    
    SLICE_X0Y0           FDRE (Hold_fdre_C_D)         0.107     1.530    FSM_sequential_state_reg[1]
  -------------------------------------------------------------------
                         required time                         -1.530    
                         arrival time                           1.791    
  -------------------------------------------------------------------
                         slack                                  0.261    

Slack (MET) :             0.280ns  (arrival time - required time)
  Source:                 FSM_sequential_state_reg[0]/C
                            (rising edge-triggered cell FDRE clocked by clk_pin_p  {rise@0.000ns fall@12.500ns period=25.000ns})
  Destination:            FSM_sequential_state_reg[0]/D
                            (rising edge-triggered cell FDRE clocked by clk_pin_p  {rise@0.000ns fall@12.500ns period=25.000ns})
  Path Group:             clk_pin_p
  Path Type:              Hold (Min at Fast Process Corner)
  Requirement:            0.000ns  (clk_pin_p rise@0.000ns - clk_pin_p rise@0.000ns)
  Data Path Delay:        0.371ns  (logic 0.186ns (50.171%)  route 0.185ns (49.829%))
  Logic Levels:           1  (LUT4=1)
  Clock Path Skew:        0.000ns (DCD - SCD - CPR)
    Destination Clock Delay (DCD):    1.940ns
    Source Clock Delay      (SCD):    1.423ns
    Clock Pessimism Removal (CPR):    0.517ns

    Location             Delay type                Incr(ns)  Path(ns)    Netlist Resource(s)
  -------------------------------------------------------------------    -------------------
                         (clock clk_pin_p rise edge)
                                                      0.000     0.000 r  
    M18                                               0.000     0.000 r  clk (IN)
                         net (fo=0)                   0.000     0.000    clk
    M18                  IBUF (Prop_ibuf_I_O)         0.167     0.167 r  clk_IBUF_inst/O
                         net (fo=1, routed)           0.634     0.801    clk_IBUF
    BUFGCTRL_X0Y0        BUFG (Prop_bufg_I_O)         0.026     0.827 r  clk_IBUF_BUFG_inst/O
                         net (fo=3, routed)           0.596     1.423    clk_IBUF_BUFG
    SLICE_X0Y0           FDRE                                         r  FSM_sequential_state_reg[0]/C
  -------------------------------------------------------------------    -------------------
    SLICE_X0Y0           FDRE (Prop_fdre_C_Q)         0.141     1.564 f  FSM_sequential_state_reg[0]/Q
                         net (fo=4, routed)           0.185     1.749    state[0]
    SLICE_X0Y0           LUT4 (Prop_lut4_I1_O)        0.045     1.794 r  FSM_sequential_state[0]_i_1/O
                         net (fo=1, routed)           0.000     1.794    next_state[0]
    SLICE_X0Y0           FDRE                                         r  FSM_sequential_state_reg[0]/D
  -------------------------------------------------------------------    -------------------

                         (clock clk_pin_p rise edge)
                                                      0.000     0.000 r  
    M18                                               0.000     0.000 r  clk (IN)
                         net (fo=0)                   0.000     0.000    clk
    M18                  IBUF (Prop_ibuf_I_O)         0.356     0.356 r  clk_IBUF_inst/O
                         net (fo=1, routed)           0.689     1.044    clk_IBUF
    BUFGCTRL_X0Y0        BUFG (Prop_bufg_I_O)         0.029     1.073 r  clk_IBUF_BUFG_inst/O
                         net (fo=3, routed)           0.867     1.940    clk_IBUF_BUFG
    SLICE_X0Y0           FDRE                                         r  FSM_sequential_state_reg[0]/C
                         clock pessimism             -0.517     1.423    
    SLICE_X0Y0           FDRE (Hold_fdre_C_D)         0.091     1.514    FSM_sequential_state_reg[0]
  -------------------------------------------------------------------
                         required time                         -1.514    
                         arrival time                           1.794    
  -------------------------------------------------------------------
                         slack                                  0.280    

Slack (MET) :             0.316ns  (arrival time - required time)
  Source:                 FSM_sequential_state_reg[2]/C
                            (rising edge-triggered cell FDRE clocked by clk_pin_p  {rise@0.000ns fall@12.500ns period=25.000ns})
  Destination:            FSM_sequential_state_reg[2]/D
                            (rising edge-triggered cell FDRE clocked by clk_pin_p  {rise@0.000ns fall@12.500ns period=25.000ns})
  Path Group:             clk_pin_p
  Path Type:              Hold (Min at Fast Process Corner)
  Requirement:            0.000ns  (clk_pin_p rise@0.000ns - clk_pin_p rise@0.000ns)
  Data Path Delay:        0.420ns  (logic 0.184ns (43.838%)  route 0.236ns (56.162%))
  Logic Levels:           1  (LUT4=1)
  Clock Path Skew:        0.000ns (DCD - SCD - CPR)
    Destination Clock Delay (DCD):    1.940ns
    Source Clock Delay      (SCD):    1.423ns
    Clock Pessimism Removal (CPR):    0.517ns

    Location             Delay type                Incr(ns)  Path(ns)    Netlist Resource(s)
  -------------------------------------------------------------------    -------------------
                         (clock clk_pin_p rise edge)
                                                      0.000     0.000 r  
    M18                                               0.000     0.000 r  clk (IN)
                         net (fo=0)                   0.000     0.000    clk
    M18                  IBUF (Prop_ibuf_I_O)         0.167     0.167 r  clk_IBUF_inst/O
                         net (fo=1, routed)           0.634     0.801    clk_IBUF
    BUFGCTRL_X0Y0        BUFG (Prop_bufg_I_O)         0.026     0.827 r  clk_IBUF_BUFG_inst/O
                         net (fo=3, routed)           0.596     1.423    clk_IBUF_BUFG
    SLICE_X0Y0           FDRE                                         r  FSM_sequential_state_reg[2]/C
  -------------------------------------------------------------------    -------------------
    SLICE_X0Y0           FDRE (Prop_fdre_C_Q)         0.141     1.564 r  FSM_sequential_state_reg[2]/Q
                         net (fo=4, routed)           0.236     1.800    state[2]
    SLICE_X0Y0           LUT4 (Prop_lut4_I0_O)        0.043     1.843 r  FSM_sequential_state[2]_i_1/O
                         net (fo=1, routed)           0.000     1.843    next_state[2]
    SLICE_X0Y0           FDRE                                         r  FSM_sequential_state_reg[2]/D
  -------------------------------------------------------------------    -------------------

                         (clock clk_pin_p rise edge)
                                                      0.000     0.000 r  
    M18                                               0.000     0.000 r  clk (IN)
                         net (fo=0)                   0.000     0.000    clk
    M18                  IBUF (Prop_ibuf_I_O)         0.356     0.356 r  clk_IBUF_inst/O
                         net (fo=1, routed)           0.689     1.044    clk_IBUF
    BUFGCTRL_X0Y0        BUFG (Prop_bufg_I_O)         0.029     1.073 r  clk_IBUF_BUFG_inst/O
                         net (fo=3, routed)           0.867     1.940    clk_IBUF_BUFG
    SLICE_X0Y0           FDRE                                         r  FSM_sequential_state_reg[2]/C
                         clock pessimism             -0.517     1.423    
    SLICE_X0Y0           FDRE (Hold_fdre_C_D)         0.104     1.527    FSM_sequential_state_reg[2]
  -------------------------------------------------------------------
                         required time                         -1.527    
                         arrival time                           1.843    
  -------------------------------------------------------------------
                         slack                                  0.316    





Pulse Width Checks
--------------------------------------------------------------------------------------
Clock Name:         clk_pin_p
Waveform(ns):       { 0.000 12.500 }
Period(ns):         25.000
Sources:            { clk }

Check Type        Corner  Lib Pin  Reference Pin  Required(ns)  Actual(ns)  Slack(ns)  Location       Pin
Min Period        n/a     BUFG/I   n/a            2.155         25.000      22.845     BUFGCTRL_X0Y0  clk_IBUF_BUFG_inst/I
Min Period        n/a     FDRE/C   n/a            1.000         25.000      24.000     SLICE_X0Y0     FSM_sequential_state_reg[0]/C
Min Period        n/a     FDRE/C   n/a            1.000         25.000      24.000     SLICE_X0Y0     FSM_sequential_state_reg[1]/C
Min Period        n/a     FDRE/C   n/a            1.000         25.000      24.000     SLICE_X0Y0     FSM_sequential_state_reg[2]/C
Low Pulse Width   Slow    FDRE/C   n/a            0.500         12.500      12.000     SLICE_X0Y0     FSM_sequential_state_reg[0]/C
Low Pulse Width   Fast    FDRE/C   n/a            0.500         12.500      12.000     SLICE_X0Y0     FSM_sequential_state_reg[0]/C
Low Pulse Width   Slow    FDRE/C   n/a            0.500         12.500      12.000     SLICE_X0Y0     FSM_sequential_state_reg[1]/C
Low Pulse Width   Fast    FDRE/C   n/a            0.500         12.500      12.000     SLICE_X0Y0     FSM_sequential_state_reg[1]/C
Low Pulse Width   Slow    FDRE/C   n/a            0.500         12.500      12.000     SLICE_X0Y0     FSM_sequential_state_reg[2]/C
Low Pulse Width   Fast    FDRE/C   n/a            0.500         12.500      12.000     SLICE_X0Y0     FSM_sequential_state_reg[2]/C
High Pulse Width  Slow    FDRE/C   n/a            0.500         12.500      12.000     SLICE_X0Y0     FSM_sequential_state_reg[0]/C
High Pulse Width  Fast    FDRE/C   n/a            0.500         12.500      12.000     SLICE_X0Y0     FSM_sequential_state_reg[0]/C
High Pulse Width  Slow    FDRE/C   n/a            0.500         12.500      12.000     SLICE_X0Y0     FSM_sequential_state_reg[1]/C
High Pulse Width  Fast    FDRE/C   n/a            0.500         12.500      12.000     SLICE_X0Y0     FSM_sequential_state_reg[1]/C
High Pulse Width  Slow    FDRE/C   n/a            0.500         12.500      12.000     SLICE_X0Y0     FSM_sequential_state_reg[2]/C
High Pulse Width  Fast    FDRE/C   n/a            0.500         12.500      12.000     SLICE_X0Y0     FSM_sequential_state_reg[2]/C



--------------------------------------------------------------------------------------
Path Group:  (none)
From Clock:  
  To Clock:  

Max Delay             1 Endpoint
Min Delay             1 Endpoint
--------------------------------------------------------------------------------------


Max Delay Paths
--------------------------------------------------------------------------------------
Slack:                    inf
  Source:                 data_in
                            (input port)
  Destination:            data_out
                            (output port)
  Path Group:             (none)
  Path Type:              Max at Slow Process Corner
  Data Path Delay:        6.184ns  (logic 3.654ns (59.086%)  route 2.530ns (40.914%))
  Logic Levels:           3  (IBUF=1 LUT4=1 OBUF=1)

    Location             Delay type                Incr(ns)  Path(ns)    Netlist Resource(s)
  -------------------------------------------------------------------    -------------------
    U14                                               0.000     0.000 f  data_in (IN)
                         net (fo=0)                   0.000     0.000    data_in
    U14                  IBUF (Prop_ibuf_I_O)         0.936     0.936 f  data_in_IBUF_inst/O
                         net (fo=4, routed)           0.856     1.793    data_in_IBUF
    SLICE_X0Y0           LUT4 (Prop_lut4_I3_O)        0.124     1.917 r  data_out_OBUF_inst_i_1/O
                         net (fo=1, routed)           1.674     3.591    data_out_OBUF
    V14                  OBUF (Prop_obuf_I_O)         2.594     6.184 r  data_out_OBUF_inst/O
                         net (fo=0)                   0.000     6.184    data_out
    V14                                                               r  data_out (OUT)
  -------------------------------------------------------------------    -------------------





Min Delay Paths
--------------------------------------------------------------------------------------
Slack:                    inf
  Source:                 data_in
                            (input port)
  Destination:            data_out
                            (output port)
  Path Group:             (none)
  Path Type:              Min at Fast Process Corner
  Data Path Delay:        1.995ns  (logic 1.321ns (66.248%)  route 0.673ns (33.752%))
  Logic Levels:           3  (IBUF=1 LUT4=1 OBUF=1)

    Location             Delay type                Incr(ns)  Path(ns)    Netlist Resource(s)
  -------------------------------------------------------------------    -------------------
    U14                                               0.000     0.000 f  data_in (IN)
                         net (fo=0)                   0.000     0.000    data_in
    U14                  IBUF (Prop_ibuf_I_O)         0.165     0.165 f  data_in_IBUF_inst/O
                         net (fo=4, routed)           0.348     0.514    data_in_IBUF
    SLICE_X0Y0           LUT4 (Prop_lut4_I3_O)        0.045     0.559 r  data_out_OBUF_inst_i_1/O
                         net (fo=1, routed)           0.325     0.884    data_out_OBUF
    V14                  OBUF (Prop_obuf_I_O)         1.111     1.995 r  data_out_OBUF_inst/O
                         net (fo=0)                   0.000     1.995    data_out
    V14                                                               r  data_out (OUT)
  -------------------------------------------------------------------    -------------------





--------------------------------------------------------------------------------------
Path Group:  (none)
From Clock:  clk_pin_p
  To Clock:  

Max Delay             1 Endpoint
Min Delay             1 Endpoint
--------------------------------------------------------------------------------------


Max Delay Paths
--------------------------------------------------------------------------------------
Slack:                    inf
  Source:                 FSM_sequential_state_reg[0]/C
                            (rising edge-triggered cell FDRE clocked by clk_pin_p  {rise@0.000ns fall@12.500ns period=25.000ns})
  Destination:            data_out
                            (output port)
  Path Group:             (none)
  Path Type:              Max at Slow Process Corner
  Data Path Delay:        6.263ns  (logic 3.174ns (50.670%)  route 3.090ns (49.330%))
  Logic Levels:           2  (LUT4=1 OBUF=1)
  Clock Uncertainty:      0.025ns  ((TSJ^2 + TIJ^2)^1/2 + DJ) / 2 + PE
    Total System Jitter     (TSJ):    0.050ns
    Total Input Jitter      (TIJ):    0.000ns
    Discrete Jitter          (DJ):    0.000ns
    Phase Error              (PE):    0.000ns

    Location             Delay type                Incr(ns)  Path(ns)    Netlist Resource(s)
  -------------------------------------------------------------------    -------------------
                         (clock clk_pin_p rise edge)
                                                      0.000     0.000 r  
    M18                                               0.000     0.000 r  clk (IN)
                         net (fo=0)                   0.000     0.000    clk
    M18                  IBUF (Prop_ibuf_I_O)         0.938     0.938 r  clk_IBUF_inst/O
                         net (fo=1, routed)           1.972     2.910    clk_IBUF
    BUFGCTRL_X0Y0        BUFG (Prop_bufg_I_O)         0.096     3.006 r  clk_IBUF_BUFG_inst/O
                         net (fo=3, routed)           1.639     4.645    clk_IBUF_BUFG
    SLICE_X0Y0           FDRE                                         r  FSM_sequential_state_reg[0]/C
  -------------------------------------------------------------------    -------------------
    SLICE_X0Y0           FDRE (Prop_fdre_C_Q)         0.456     5.101 r  FSM_sequential_state_reg[0]/Q
                         net (fo=4, routed)           1.416     6.517    state[0]
    SLICE_X0Y0           LUT4 (Prop_lut4_I2_O)        0.124     6.641 r  data_out_OBUF_inst_i_1/O
                         net (fo=1, routed)           1.674     8.315    data_out_OBUF
    V14                  OBUF (Prop_obuf_I_O)         2.594    10.908 r  data_out_OBUF_inst/O
                         net (fo=0)                   0.000    10.908    data_out
    V14                                                               r  data_out (OUT)
  -------------------------------------------------------------------    -------------------





Min Delay Paths
--------------------------------------------------------------------------------------
Slack:                    inf
  Source:                 FSM_sequential_state_reg[2]/C
                            (rising edge-triggered cell FDRE clocked by clk_pin_p  {rise@0.000ns fall@12.500ns period=25.000ns})
  Destination:            data_out
                            (output port)
  Path Group:             (none)
  Path Type:              Min at Fast Process Corner
  Data Path Delay:        1.857ns  (logic 1.297ns (69.822%)  route 0.561ns (30.178%))
  Logic Levels:           2  (LUT4=1 OBUF=1)
  Clock Uncertainty:      0.025ns  ((TSJ^2 + TIJ^2)^1/2 + DJ) / 2 + PE
    Total System Jitter     (TSJ):    0.050ns
    Total Input Jitter      (TIJ):    0.000ns
    Discrete Jitter          (DJ):    0.000ns
    Phase Error              (PE):    0.000ns

    Location             Delay type                Incr(ns)  Path(ns)    Netlist Resource(s)
  -------------------------------------------------------------------    -------------------
                         (clock clk_pin_p rise edge)
                                                      0.000     0.000 r  
    M18                                               0.000     0.000 r  clk (IN)
                         net (fo=0)                   0.000     0.000    clk
    M18                  IBUF (Prop_ibuf_I_O)         0.167     0.167 r  clk_IBUF_inst/O
                         net (fo=1, routed)           0.634     0.801    clk_IBUF
    BUFGCTRL_X0Y0        BUFG (Prop_bufg_I_O)         0.026     0.827 r  clk_IBUF_BUFG_inst/O
                         net (fo=3, routed)           0.596     1.423    clk_IBUF_BUFG
    SLICE_X0Y0           FDRE                                         r  FSM_sequential_state_reg[2]/C
  -------------------------------------------------------------------    -------------------
    SLICE_X0Y0           FDRE (Prop_fdre_C_Q)         0.141     1.564 r  FSM_sequential_state_reg[2]/Q
                         net (fo=4, routed)           0.236     1.800    state[2]
    SLICE_X0Y0           LUT4 (Prop_lut4_I0_O)        0.045     1.845 r  data_out_OBUF_inst_i_1/O
                         net (fo=1, routed)           0.325     2.169    data_out_OBUF
    V14                  OBUF (Prop_obuf_I_O)         1.111     3.280 r  data_out_OBUF_inst/O
                         net (fo=0)                   0.000     3.280    data_out
    V14                                                               r  data_out (OUT)
  -------------------------------------------------------------------    -------------------





--------------------------------------------------------------------------------------
Path Group:  (none)
From Clock:  
  To Clock:  clk_pin_p

Max Delay             3 Endpoints
Min Delay             3 Endpoints
--------------------------------------------------------------------------------------


Max Delay Paths
--------------------------------------------------------------------------------------
Slack:                    inf
  Source:                 data_in
                            (input port)
  Destination:            FSM_sequential_state_reg[0]/D
                            (rising edge-triggered cell FDRE clocked by clk_pin_p  {rise@0.000ns fall@12.500ns period=25.000ns})
  Path Group:             (none)
  Path Type:              Setup (Max at Slow Process Corner)
  Data Path Delay:        1.913ns  (logic 1.060ns (55.437%)  route 0.852ns (44.563%))
  Logic Levels:           2  (IBUF=1 LUT4=1)
  Clock Path Skew:        4.284ns (DCD - SCD + CPR)
    Destination Clock Delay (DCD):    4.284ns
    Source Clock Delay      (SCD):    0.000ns
    Clock Pessimism Removal (CPR):    0.000ns
  Clock Uncertainty:      0.025ns  ((TSJ^2 + TIJ^2)^1/2 + DJ) / 2 + PE
    Total System Jitter     (TSJ):    0.050ns
    Total Input Jitter      (TIJ):    0.000ns
    Discrete Jitter          (DJ):    0.000ns
    Phase Error              (PE):    0.000ns

    Location             Delay type                Incr(ns)  Path(ns)    Netlist Resource(s)
  -------------------------------------------------------------------    -------------------
    U14                                               0.000     0.000 r  data_in (IN)
                         net (fo=0)                   0.000     0.000    data_in
    U14                  IBUF (Prop_ibuf_I_O)         0.936     0.936 r  data_in_IBUF_inst/O
                         net (fo=4, routed)           0.852     1.789    data_in_IBUF
    SLICE_X0Y0           LUT4 (Prop_lut4_I3_O)        0.124     1.913 r  FSM_sequential_state[0]_i_1/O
                         net (fo=1, routed)           0.000     1.913    next_state[0]
    SLICE_X0Y0           FDRE                                         r  FSM_sequential_state_reg[0]/D
  -------------------------------------------------------------------    -------------------

                         (clock clk_pin_p rise edge)
                                                      0.000     0.000 r  
    M18                                               0.000     0.000 r  clk (IN)
                         net (fo=0)                   0.000     0.000    clk
    M18                  IBUF (Prop_ibuf_I_O)         0.805     0.805 r  clk_IBUF_inst/O
                         net (fo=1, routed)           1.868     2.673    clk_IBUF
    BUFGCTRL_X0Y0        BUFG (Prop_bufg_I_O)         0.091     2.764 r  clk_IBUF_BUFG_inst/O
                         net (fo=3, routed)           1.520     4.284    clk_IBUF_BUFG
    SLICE_X0Y0           FDRE                                         r  FSM_sequential_state_reg[0]/C

Slack:                    inf
  Source:                 data_in
                            (input port)
  Destination:            FSM_sequential_state_reg[2]/D
                            (rising edge-triggered cell FDRE clocked by clk_pin_p  {rise@0.000ns fall@12.500ns period=25.000ns})
  Path Group:             (none)
  Path Type:              Setup (Max at Slow Process Corner)
  Data Path Delay:        1.912ns  (logic 1.055ns (55.204%)  route 0.856ns (44.796%))
  Logic Levels:           2  (IBUF=1 LUT4=1)
  Clock Path Skew:        4.284ns (DCD - SCD + CPR)
    Destination Clock Delay (DCD):    4.284ns
    Source Clock Delay      (SCD):    0.000ns
    Clock Pessimism Removal (CPR):    0.000ns
  Clock Uncertainty:      0.025ns  ((TSJ^2 + TIJ^2)^1/2 + DJ) / 2 + PE
    Total System Jitter     (TSJ):    0.050ns
    Total Input Jitter      (TIJ):    0.000ns
    Discrete Jitter          (DJ):    0.000ns
    Phase Error              (PE):    0.000ns

    Location             Delay type                Incr(ns)  Path(ns)    Netlist Resource(s)
  -------------------------------------------------------------------    -------------------
    U14                                               0.000     0.000 r  data_in (IN)
                         net (fo=0)                   0.000     0.000    data_in
    U14                  IBUF (Prop_ibuf_I_O)         0.936     0.936 r  data_in_IBUF_inst/O
                         net (fo=4, routed)           0.856     1.793    data_in_IBUF
    SLICE_X0Y0           LUT4 (Prop_lut4_I2_O)        0.119     1.912 r  FSM_sequential_state[2]_i_1/O
                         net (fo=1, routed)           0.000     1.912    next_state[2]
    SLICE_X0Y0           FDRE                                         r  FSM_sequential_state_reg[2]/D
  -------------------------------------------------------------------    -------------------

                         (clock clk_pin_p rise edge)
                                                      0.000     0.000 r  
    M18                                               0.000     0.000 r  clk (IN)
                         net (fo=0)                   0.000     0.000    clk
    M18                  IBUF (Prop_ibuf_I_O)         0.805     0.805 r  clk_IBUF_inst/O
                         net (fo=1, routed)           1.868     2.673    clk_IBUF
    BUFGCTRL_X0Y0        BUFG (Prop_bufg_I_O)         0.091     2.764 r  clk_IBUF_BUFG_inst/O
                         net (fo=3, routed)           1.520     4.284    clk_IBUF_BUFG
    SLICE_X0Y0           FDRE                                         r  FSM_sequential_state_reg[2]/C

Slack:                    inf
  Source:                 data_in
                            (input port)
  Destination:            FSM_sequential_state_reg[1]/D
                            (rising edge-triggered cell FDRE clocked by clk_pin_p  {rise@0.000ns fall@12.500ns period=25.000ns})
  Path Group:             (none)
  Path Type:              Setup (Max at Slow Process Corner)
  Data Path Delay:        1.907ns  (logic 1.054ns (55.296%)  route 0.852ns (44.704%))
  Logic Levels:           2  (IBUF=1 LUT4=1)
  Clock Path Skew:        4.284ns (DCD - SCD + CPR)
    Destination Clock Delay (DCD):    4.284ns
    Source Clock Delay      (SCD):    0.000ns
    Clock Pessimism Removal (CPR):    0.000ns
  Clock Uncertainty:      0.025ns  ((TSJ^2 + TIJ^2)^1/2 + DJ) / 2 + PE
    Total System Jitter     (TSJ):    0.050ns
    Total Input Jitter      (TIJ):    0.000ns
    Discrete Jitter          (DJ):    0.000ns
    Phase Error              (PE):    0.000ns

    Location             Delay type                Incr(ns)  Path(ns)    Netlist Resource(s)
  -------------------------------------------------------------------    -------------------
    U14                                               0.000     0.000 r  data_in (IN)
                         net (fo=0)                   0.000     0.000    data_in
    U14                  IBUF (Prop_ibuf_I_O)         0.936     0.936 r  data_in_IBUF_inst/O
                         net (fo=4, routed)           0.852     1.789    data_in_IBUF
    SLICE_X0Y0           LUT4 (Prop_lut4_I3_O)        0.118     1.907 r  FSM_sequential_state[1]_i_1/O
                         net (fo=1, routed)           0.000     1.907    next_state[1]
    SLICE_X0Y0           FDRE                                         r  FSM_sequential_state_reg[1]/D
  -------------------------------------------------------------------    -------------------

                         (clock clk_pin_p rise edge)
                                                      0.000     0.000 r  
    M18                                               0.000     0.000 r  clk (IN)
                         net (fo=0)                   0.000     0.000    clk
    M18                  IBUF (Prop_ibuf_I_O)         0.805     0.805 r  clk_IBUF_inst/O
                         net (fo=1, routed)           1.868     2.673    clk_IBUF
    BUFGCTRL_X0Y0        BUFG (Prop_bufg_I_O)         0.091     2.764 r  clk_IBUF_BUFG_inst/O
                         net (fo=3, routed)           1.520     4.284    clk_IBUF_BUFG
    SLICE_X0Y0           FDRE                                         r  FSM_sequential_state_reg[1]/C





Min Delay Paths
--------------------------------------------------------------------------------------
Slack:                    inf
  Source:                 data_in
                            (input port)
  Destination:            FSM_sequential_state_reg[0]/D
                            (rising edge-triggered cell FDRE clocked by clk_pin_p  {rise@0.000ns fall@12.500ns period=25.000ns})
  Path Group:             (none)
  Path Type:              Hold (Min at Fast Process Corner)
  Data Path Delay:        0.558ns  (logic 0.210ns (37.731%)  route 0.347ns (62.269%))
  Logic Levels:           2  (IBUF=1 LUT4=1)
  Clock Path Skew:        1.940ns (DCD - SCD - CPR)
    Destination Clock Delay (DCD):    1.940ns
    Source Clock Delay      (SCD):    0.000ns
    Clock Pessimism Removal (CPR):    -0.000ns

    Location             Delay type                Incr(ns)  Path(ns)    Netlist Resource(s)
  -------------------------------------------------------------------    -------------------
    U14                                               0.000     0.000 r  data_in (IN)
                         net (fo=0)                   0.000     0.000    data_in
    U14                  IBUF (Prop_ibuf_I_O)         0.165     0.165 r  data_in_IBUF_inst/O
                         net (fo=4, routed)           0.347     0.513    data_in_IBUF
    SLICE_X0Y0           LUT4 (Prop_lut4_I3_O)        0.045     0.558 r  FSM_sequential_state[0]_i_1/O
                         net (fo=1, routed)           0.000     0.558    next_state[0]
    SLICE_X0Y0           FDRE                                         r  FSM_sequential_state_reg[0]/D
  -------------------------------------------------------------------    -------------------

                         (clock clk_pin_p rise edge)
                                                      0.000     0.000 r  
    M18                                               0.000     0.000 r  clk (IN)
                         net (fo=0)                   0.000     0.000    clk
    M18                  IBUF (Prop_ibuf_I_O)         0.356     0.356 r  clk_IBUF_inst/O
                         net (fo=1, routed)           0.689     1.044    clk_IBUF
    BUFGCTRL_X0Y0        BUFG (Prop_bufg_I_O)         0.029     1.073 r  clk_IBUF_BUFG_inst/O
                         net (fo=3, routed)           0.867     1.940    clk_IBUF_BUFG
    SLICE_X0Y0           FDRE                                         r  FSM_sequential_state_reg[0]/C

Slack:                    inf
  Source:                 data_in
                            (input port)
  Destination:            FSM_sequential_state_reg[1]/D
                            (rising edge-triggered cell FDRE clocked by clk_pin_p  {rise@0.000ns fall@12.500ns period=25.000ns})
  Path Group:             (none)
  Path Type:              Hold (Min at Fast Process Corner)
  Data Path Delay:        0.561ns  (logic 0.213ns (38.064%)  route 0.347ns (61.936%))
  Logic Levels:           2  (IBUF=1 LUT4=1)
  Clock Path Skew:        1.940ns (DCD - SCD - CPR)
    Destination Clock Delay (DCD):    1.940ns
    Source Clock Delay      (SCD):    0.000ns
    Clock Pessimism Removal (CPR):    -0.000ns

    Location             Delay type                Incr(ns)  Path(ns)    Netlist Resource(s)
  -------------------------------------------------------------------    -------------------
    U14                                               0.000     0.000 r  data_in (IN)
                         net (fo=0)                   0.000     0.000    data_in
    U14                  IBUF (Prop_ibuf_I_O)         0.165     0.165 r  data_in_IBUF_inst/O
                         net (fo=4, routed)           0.347     0.513    data_in_IBUF
    SLICE_X0Y0           LUT4 (Prop_lut4_I3_O)        0.048     0.561 r  FSM_sequential_state[1]_i_1/O
                         net (fo=1, routed)           0.000     0.561    next_state[1]
    SLICE_X0Y0           FDRE                                         r  FSM_sequential_state_reg[1]/D
  -------------------------------------------------------------------    -------------------

                         (clock clk_pin_p rise edge)
                                                      0.000     0.000 r  
    M18                                               0.000     0.000 r  clk (IN)
                         net (fo=0)                   0.000     0.000    clk
    M18                  IBUF (Prop_ibuf_I_O)         0.356     0.356 r  clk_IBUF_inst/O
                         net (fo=1, routed)           0.689     1.044    clk_IBUF
    BUFGCTRL_X0Y0        BUFG (Prop_bufg_I_O)         0.029     1.073 r  clk_IBUF_BUFG_inst/O
                         net (fo=3, routed)           0.867     1.940    clk_IBUF_BUFG
    SLICE_X0Y0           FDRE                                         r  FSM_sequential_state_reg[1]/C

Slack:                    inf
  Source:                 data_in
                            (input port)
  Destination:            FSM_sequential_state_reg[2]/D
                            (rising edge-triggered cell FDRE clocked by clk_pin_p  {rise@0.000ns fall@12.500ns period=25.000ns})
  Path Group:             (none)
  Path Type:              Hold (Min at Fast Process Corner)
  Data Path Delay:        0.563ns  (logic 0.214ns (38.106%)  route 0.348ns (61.894%))
  Logic Levels:           2  (IBUF=1 LUT4=1)
  Clock Path Skew:        1.940ns (DCD - SCD - CPR)
    Destination Clock Delay (DCD):    1.940ns
    Source Clock Delay      (SCD):    0.000ns
    Clock Pessimism Removal (CPR):    -0.000ns

    Location             Delay type                Incr(ns)  Path(ns)    Netlist Resource(s)
  -------------------------------------------------------------------    -------------------
    U14                                               0.000     0.000 r  data_in (IN)
                         net (fo=0)                   0.000     0.000    data_in
    U14                  IBUF (Prop_ibuf_I_O)         0.165     0.165 r  data_in_IBUF_inst/O
                         net (fo=4, routed)           0.348     0.514    data_in_IBUF
    SLICE_X0Y0           LUT4 (Prop_lut4_I2_O)        0.049     0.563 r  FSM_sequential_state[2]_i_1/O
                         net (fo=1, routed)           0.000     0.563    next_state[2]
    SLICE_X0Y0           FDRE                                         r  FSM_sequential_state_reg[2]/D
  -------------------------------------------------------------------    -------------------

                         (clock clk_pin_p rise edge)
                                                      0.000     0.000 r  
    M18                                               0.000     0.000 r  clk (IN)
                         net (fo=0)                   0.000     0.000    clk
    M18                  IBUF (Prop_ibuf_I_O)         0.356     0.356 r  clk_IBUF_inst/O
                         net (fo=1, routed)           0.689     1.044    clk_IBUF
    BUFGCTRL_X0Y0        BUFG (Prop_bufg_I_O)         0.029     1.073 r  clk_IBUF_BUFG_inst/O
                         net (fo=3, routed)           0.867     1.940    clk_IBUF_BUFG
    SLICE_X0Y0           FDRE                                         r  FSM_sequential_state_reg[2]/C





