Copyright 1986-2022 Xilinx, Inc. All Rights Reserved. Copyright 2022-2024 Advanced Micro Devices, Inc. All Rights Reserved.
---------------------------------------------------------------------------------------------------------------------------------------------------------------------------------------------------------------------------------------
| Tool Version : Vivado v.2024.1.2 (lin64) Build 5164865 Thu Sep  5 14:36:28 MDT 2024
| Date         : Mon Feb  3 21:55:25 2025
| Host         : ece-linlabsrv01.ece.gatech.edu running 64-bit Red Hat Enterprise Linux release 8.10 (Ootpa)
| Command      : report_timing_summary -max_paths 10 -report_unconstrained -file barrel_shifter_timing_summary_routed.rpt -pb barrel_shifter_timing_summary_routed.pb -rpx barrel_shifter_timing_summary_routed.rpx -warn_on_violation
| Design       : barrel_shifter
| Device       : 7a35t-cpg236
| Speed File   : -1  PRODUCTION 1.23 2018-06-13
| Design State : Routed
---------------------------------------------------------------------------------------------------------------------------------------------------------------------------------------------------------------------------------------

Timing Summary Report

------------------------------------------------------------------------------------------------
| Timer Settings
| --------------
------------------------------------------------------------------------------------------------

  Enable Multi Corner Analysis               :  Yes
  Enable Pessimism Removal                   :  Yes
  Pessimism Removal Resolution               :  Nearest Common Node
  Enable Input Delay Default Clock           :  No
  Enable Preset / Clear Arcs                 :  No
  Disable Flight Delays                      :  No
  Ignore I/O Paths                           :  No
  Timing Early Launch at Borrowing Latches   :  No
  Borrow Time for Max Delay Exceptions       :  Yes
  Merge Timing Exceptions                    :  Yes
  Inter-SLR Compensation                     :  Conservative

  Corner  Analyze    Analyze    
  Name    Max Paths  Min Paths  
  ------  ---------  ---------  
  Slow    Yes        Yes        
  Fast    Yes        Yes        


------------------------------------------------------------------------------------------------
| Report Methodology
| ------------------
------------------------------------------------------------------------------------------------

No report available as report_methodology has not been run prior. Run report_methodology on the current design for the summary of methodology violations.



check_timing report

Table of Contents
-----------------
1. checking no_clock (0)
2. checking constant_clock (0)
3. checking pulse_width_clock (0)
4. checking unconstrained_internal_endpoints (0)
5. checking no_input_delay (0)
6. checking no_output_delay (0)
7. checking multiple_clock (0)
8. checking generated_clocks (0)
9. checking loops (0)
10. checking partial_input_delay (0)
11. checking partial_output_delay (0)
12. checking latch_loops (0)

1. checking no_clock (0)
------------------------
 There are 0 register/latch pins with no clock.


2. checking constant_clock (0)
------------------------------
 There are 0 register/latch pins with constant_clock.


3. checking pulse_width_clock (0)
---------------------------------
 There are 0 register/latch pins which need pulse_width check


4. checking unconstrained_internal_endpoints (0)
------------------------------------------------
 There are 0 pins that are not constrained for maximum delay.

 There are 0 pins that are not constrained for maximum delay due to constant clock.


5. checking no_input_delay (0)
------------------------------
 There are 0 input ports with no input delay specified.

 There are 0 input ports with no input delay but user has a false path constraint.


6. checking no_output_delay (0)
-------------------------------
 There are 0 ports with no output delay specified.

 There are 0 ports with no output delay but user has a false path constraint

 There are 0 ports with no output delay but with a timing clock defined on it or propagating through it


7. checking multiple_clock (0)
------------------------------
 There are 0 register/latch pins with multiple clocks.


8. checking generated_clocks (0)
--------------------------------
 There are 0 generated clocks that are not connected to a clock source.


9. checking loops (0)
---------------------
 There are 0 combinational loops in the design.


10. checking partial_input_delay (0)
------------------------------------
 There are 0 input ports with partial input delay specified.


11. checking partial_output_delay (0)
-------------------------------------
 There are 0 ports with partial output delay specified.


12. checking latch_loops (0)
----------------------------
 There are 0 combinational latch loops in the design through latch input



------------------------------------------------------------------------------------------------
| Design Timing Summary
| ---------------------
------------------------------------------------------------------------------------------------

    WNS(ns)      TNS(ns)  TNS Failing Endpoints  TNS Total Endpoints      WHS(ns)      THS(ns)  THS Failing Endpoints  THS Total Endpoints     WPWS(ns)     TPWS(ns)  TPWS Failing Endpoints  TPWS Total Endpoints  
    -------      -------  ---------------------  -------------------      -------      -------  ---------------------  -------------------     --------     --------  ----------------------  --------------------  
        inf        0.000                      0                   16          inf        0.000                      0                   16           NA           NA                      NA                    NA  


There are no user specified timing constraints.


------------------------------------------------------------------------------------------------
| Clock Summary
| -------------
------------------------------------------------------------------------------------------------


------------------------------------------------------------------------------------------------
| Intra Clock Table
| -----------------
------------------------------------------------------------------------------------------------

Clock             WNS(ns)      TNS(ns)  TNS Failing Endpoints  TNS Total Endpoints      WHS(ns)      THS(ns)  THS Failing Endpoints  THS Total Endpoints     WPWS(ns)     TPWS(ns)  TPWS Failing Endpoints  TPWS Total Endpoints  
-----             -------      -------  ---------------------  -------------------      -------      -------  ---------------------  -------------------     --------     --------  ----------------------  --------------------  


------------------------------------------------------------------------------------------------
| Inter Clock Table
| -----------------
------------------------------------------------------------------------------------------------

From Clock    To Clock          WNS(ns)      TNS(ns)  TNS Failing Endpoints  TNS Total Endpoints      WHS(ns)      THS(ns)  THS Failing Endpoints  THS Total Endpoints  
----------    --------          -------      -------  ---------------------  -------------------      -------      -------  ---------------------  -------------------  


------------------------------------------------------------------------------------------------
| Other Path Groups Table
| -----------------------
------------------------------------------------------------------------------------------------

Path Group    From Clock    To Clock          WNS(ns)      TNS(ns)  TNS Failing Endpoints  TNS Total Endpoints      WHS(ns)      THS(ns)  THS Failing Endpoints  THS Total Endpoints  
----------    ----------    --------          -------      -------  ---------------------  -------------------      -------      -------  ---------------------  -------------------  


------------------------------------------------------------------------------------------------
| User Ignored Path Table
| -----------------------
------------------------------------------------------------------------------------------------

Path Group    From Clock    To Clock    
----------    ----------    --------    


------------------------------------------------------------------------------------------------
| Unconstrained Path Table
| ------------------------
------------------------------------------------------------------------------------------------

Path Group    From Clock    To Clock    
----------    ----------    --------    
(none)                                    


------------------------------------------------------------------------------------------------
| Timing Details
| --------------
------------------------------------------------------------------------------------------------


--------------------------------------------------------------------------------------
Path Group:  (none)
From Clock:  
  To Clock:  

Max Delay            16 Endpoints
Min Delay            16 Endpoints
--------------------------------------------------------------------------------------


Max Delay Paths
--------------------------------------------------------------------------------------
Slack:                    inf
  Source:                 ctrl[1]
                            (input port)
  Destination:            output[8]
                            (output port)
  Path Group:             (none)
  Path Type:              Max at Slow Process Corner
  Data Path Delay:        8.969ns  (logic 3.785ns (42.200%)  route 5.184ns (57.800%))
  Logic Levels:           4  (IBUF=1 LUT6=2 OBUF=1)

    Location             Delay type                Incr(ns)  Path(ns)    Netlist Resource(s)
  -------------------------------------------------------------------    -------------------
    W19                                               0.000     0.000 r  ctrl[1] (IN)
                         net (fo=0)                   0.000     0.000    ctrl[1]
    W19                  IBUF (Prop_ibuf_I_O)         0.936     0.936 r  ctrl_IBUF[1]_inst/O
                         net (fo=16, routed)          1.740     2.676    ctrl_IBUF[1]
    SLICE_X0Y8           LUT6 (Prop_lut6_I2_O)        0.124     2.800 r  output[12]_INST_0_i_3/O
                         net (fo=4, routed)           1.152     3.952    output[12]_INST_0_i_3_n_0
    SLICE_X0Y11          LUT6 (Prop_lut6_I3_O)        0.124     4.076 r  output[8]_INST_0_i_1/O
                         net (fo=1, routed)           2.293     6.369    output_OBUF[8]
    M18                  OBUF (Prop_obuf_I_O)         2.601     8.969 r  output[8]_INST_0/O
                         net (fo=0)                   0.000     8.969    output[8]
    M18                                                               r  output[8] (OUT)
  -------------------------------------------------------------------    -------------------

Slack:                    inf
  Source:                 ctrl[0]
                            (input port)
  Destination:            output[6]
                            (output port)
  Path Group:             (none)
  Path Type:              Max at Slow Process Corner
  Data Path Delay:        8.962ns  (logic 3.808ns (42.490%)  route 5.154ns (57.510%))
  Logic Levels:           4  (IBUF=1 LUT6=2 OBUF=1)

    Location             Delay type                Incr(ns)  Path(ns)    Netlist Resource(s)
  -------------------------------------------------------------------    -------------------
    T17                                               0.000     0.000 r  ctrl[0] (IN)
                         net (fo=0)                   0.000     0.000    ctrl[0]
    T17                  IBUF (Prop_ibuf_I_O)         0.936     0.936 r  ctrl_IBUF[0]_inst/O
                         net (fo=16, routed)          1.973     2.909    ctrl_IBUF[0]
    SLICE_X0Y8           LUT6 (Prop_lut6_I4_O)        0.124     3.033 r  output[14]_INST_0_i_3/O
                         net (fo=4, routed)           1.028     4.062    output[14]_INST_0_i_3_n_0
    SLICE_X1Y9           LUT6 (Prop_lut6_I5_O)        0.124     4.186 r  output[6]_INST_0_i_1/O
                         net (fo=1, routed)           2.153     6.338    output_OBUF[6]
    L17                  OBUF (Prop_obuf_I_O)         2.624     8.962 r  output[6]_INST_0/O
                         net (fo=0)                   0.000     8.962    output[6]
    L17                                                               r  output[6] (OUT)
  -------------------------------------------------------------------    -------------------

Slack:                    inf
  Source:                 input[0]
                            (input port)
  Destination:            output[15]
                            (output port)
  Path Group:             (none)
  Path Type:              Max at Slow Process Corner
  Data Path Delay:        8.926ns  (logic 3.802ns (42.596%)  route 5.124ns (57.404%))
  Logic Levels:           4  (IBUF=1 LUT6=2 OBUF=1)

    Location             Delay type                Incr(ns)  Path(ns)    Netlist Resource(s)
  -------------------------------------------------------------------    -------------------
    U14                                               0.000     0.000 r  input[0] (IN)
                         net (fo=0)                   0.000     0.000    input[0]
    U14                  IBUF (Prop_ibuf_I_O)         0.936     0.936 r  output[15]_INST_0_i_6/O
                         net (fo=4, routed)           1.818     2.755    output[15]_INST_0_i_6_n_0
    SLICE_X0Y9           LUT6 (Prop_lut6_I0_O)        0.124     2.879 r  output[15]_INST_0_i_2/O
                         net (fo=4, routed)           0.814     3.693    output[15]_INST_0_i_2_n_0
    SLICE_X1Y10          LUT6 (Prop_lut6_I0_O)        0.124     3.817 r  output[15]_INST_0_i_1/O
                         net (fo=1, routed)           2.492     6.308    output_OBUF[15]
    J18                  OBUF (Prop_obuf_I_O)         2.618     8.926 r  output[15]_INST_0/O
                         net (fo=0)                   0.000     8.926    output[15]
    J18                                                               r  output[15] (OUT)
  -------------------------------------------------------------------    -------------------

Slack:                    inf
  Source:                 ctrl[1]
                            (input port)
  Destination:            output[12]
                            (output port)
  Path Group:             (none)
  Path Type:              Max at Slow Process Corner
  Data Path Delay:        8.817ns  (logic 3.773ns (42.788%)  route 5.044ns (57.212%))
  Logic Levels:           4  (IBUF=1 LUT6=2 OBUF=1)

    Location             Delay type                Incr(ns)  Path(ns)    Netlist Resource(s)
  -------------------------------------------------------------------    -------------------
    W19                                               0.000     0.000 r  ctrl[1] (IN)
                         net (fo=0)                   0.000     0.000    ctrl[1]
    W19                  IBUF (Prop_ibuf_I_O)         0.936     0.936 r  ctrl_IBUF[1]_inst/O
                         net (fo=16, routed)          1.729     2.665    ctrl_IBUF[1]
    SLICE_X0Y8           LUT6 (Prop_lut6_I2_O)        0.124     2.789 r  output[12]_INST_0_i_4/O
                         net (fo=4, routed)           0.970     3.759    output[12]_INST_0_i_4_n_0
    SLICE_X0Y11          LUT6 (Prop_lut6_I3_O)        0.124     3.883 r  output[12]_INST_0_i_1/O
                         net (fo=1, routed)           2.345     6.229    output_OBUF[12]
    N18                  OBUF (Prop_obuf_I_O)         2.588     8.817 r  output[12]_INST_0/O
                         net (fo=0)                   0.000     8.817    output[12]
    N18                                                               r  output[12] (OUT)
  -------------------------------------------------------------------    -------------------

Slack:                    inf
  Source:                 ctrl[0]
                            (input port)
  Destination:            output[14]
                            (output port)
  Path Group:             (none)
  Path Type:              Max at Slow Process Corner
  Data Path Delay:        8.757ns  (logic 3.780ns (43.172%)  route 4.976ns (56.828%))
  Logic Levels:           4  (IBUF=1 LUT6=2 OBUF=1)

    Location             Delay type                Incr(ns)  Path(ns)    Netlist Resource(s)
  -------------------------------------------------------------------    -------------------
    T17                                               0.000     0.000 r  ctrl[0] (IN)
                         net (fo=0)                   0.000     0.000    ctrl[0]
    T17                  IBUF (Prop_ibuf_I_O)         0.936     0.936 r  ctrl_IBUF[0]_inst/O
                         net (fo=16, routed)          1.973     2.909    ctrl_IBUF[0]
    SLICE_X0Y8           LUT6 (Prop_lut6_I4_O)        0.124     3.033 r  output[14]_INST_0_i_3/O
                         net (fo=4, routed)           0.623     3.657    output[14]_INST_0_i_3_n_0
    SLICE_X1Y9           LUT6 (Prop_lut6_I1_O)        0.124     3.781 r  output[14]_INST_0_i_1/O
                         net (fo=1, routed)           2.380     6.160    output_OBUF[14]
    L18                  OBUF (Prop_obuf_I_O)         2.596     8.757 r  output[14]_INST_0/O
                         net (fo=0)                   0.000     8.757    output[14]
    L18                                                               r  output[14] (OUT)
  -------------------------------------------------------------------    -------------------

Slack:                    inf
  Source:                 input[0]
                            (input port)
  Destination:            output[11]
                            (output port)
  Path Group:             (none)
  Path Type:              Max at Slow Process Corner
  Data Path Delay:        8.741ns  (logic 3.780ns (43.241%)  route 4.962ns (56.759%))
  Logic Levels:           4  (IBUF=1 LUT6=2 OBUF=1)

    Location             Delay type                Incr(ns)  Path(ns)    Netlist Resource(s)
  -------------------------------------------------------------------    -------------------
    U14                                               0.000     0.000 r  input[0] (IN)
                         net (fo=0)                   0.000     0.000    input[0]
    U14                  IBUF (Prop_ibuf_I_O)         0.936     0.936 r  output[15]_INST_0_i_6/O
                         net (fo=4, routed)           1.818     2.755    output[15]_INST_0_i_6_n_0
    SLICE_X0Y9           LUT6 (Prop_lut6_I0_O)        0.124     2.879 r  output[15]_INST_0_i_2/O
                         net (fo=4, routed)           0.815     3.694    output[15]_INST_0_i_2_n_0
    SLICE_X1Y10          LUT6 (Prop_lut6_I1_O)        0.124     3.818 r  output[11]_INST_0_i_1/O
                         net (fo=1, routed)           2.328     6.146    output_OBUF[11]
    N19                  OBUF (Prop_obuf_I_O)         2.595     8.741 r  output[11]_INST_0/O
                         net (fo=0)                   0.000     8.741    output[11]
    N19                                                               r  output[11] (OUT)
  -------------------------------------------------------------------    -------------------

Slack:                    inf
  Source:                 ctrl[1]
                            (input port)
  Destination:            output[4]
                            (output port)
  Path Group:             (none)
  Path Type:              Max at Slow Process Corner
  Data Path Delay:        8.737ns  (logic 3.770ns (43.143%)  route 4.968ns (56.857%))
  Logic Levels:           4  (IBUF=1 LUT6=2 OBUF=1)

    Location             Delay type                Incr(ns)  Path(ns)    Netlist Resource(s)
  -------------------------------------------------------------------    -------------------
    W19                                               0.000     0.000 r  ctrl[1] (IN)
                         net (fo=0)                   0.000     0.000    ctrl[1]
    W19                  IBUF (Prop_ibuf_I_O)         0.936     0.936 r  ctrl_IBUF[1]_inst/O
                         net (fo=16, routed)          1.740     2.676    ctrl_IBUF[1]
    SLICE_X0Y8           LUT6 (Prop_lut6_I2_O)        0.124     2.800 r  output[12]_INST_0_i_3/O
                         net (fo=4, routed)           1.156     3.956    output[12]_INST_0_i_3_n_0
    SLICE_X0Y11          LUT6 (Prop_lut6_I5_O)        0.124     4.080 r  output[4]_INST_0_i_1/O
                         net (fo=1, routed)           2.072     6.152    output_OBUF[4]
    N17                  OBUF (Prop_obuf_I_O)         2.585     8.737 r  output[4]_INST_0/O
                         net (fo=0)                   0.000     8.737    output[4]
    N17                                                               r  output[4] (OUT)
  -------------------------------------------------------------------    -------------------

Slack:                    inf
  Source:                 input[0]
                            (input port)
  Destination:            output[7]
                            (output port)
  Path Group:             (none)
  Path Type:              Max at Slow Process Corner
  Data Path Delay:        8.700ns  (logic 3.796ns (43.635%)  route 4.904ns (56.365%))
  Logic Levels:           4  (IBUF=1 LUT6=2 OBUF=1)

    Location             Delay type                Incr(ns)  Path(ns)    Netlist Resource(s)
  -------------------------------------------------------------------    -------------------
    U14                                               0.000     0.000 r  input[0] (IN)
                         net (fo=0)                   0.000     0.000    input[0]
    U14                  IBUF (Prop_ibuf_I_O)         0.936     0.936 r  output[15]_INST_0_i_6/O
                         net (fo=4, routed)           1.818     2.755    output[15]_INST_0_i_6_n_0
    SLICE_X0Y9           LUT6 (Prop_lut6_I0_O)        0.124     2.879 r  output[15]_INST_0_i_2/O
                         net (fo=4, routed)           0.793     3.672    output[15]_INST_0_i_2_n_0
    SLICE_X1Y10          LUT6 (Prop_lut6_I3_O)        0.124     3.796 r  output[7]_INST_0_i_1/O
                         net (fo=1, routed)           2.293     6.088    output_OBUF[7]
    M19                  OBUF (Prop_obuf_I_O)         2.612     8.700 r  output[7]_INST_0/O
                         net (fo=0)                   0.000     8.700    output[7]
    M19                                                               r  output[7] (OUT)
  -------------------------------------------------------------------    -------------------

Slack:                    inf
  Source:                 input[8]
                            (input port)
  Destination:            output[9]
                            (output port)
  Path Group:             (none)
  Path Type:              Max at Slow Process Corner
  Data Path Delay:        8.651ns  (logic 3.795ns (43.873%)  route 4.855ns (56.127%))
  Logic Levels:           4  (IBUF=1 LUT6=2 OBUF=1)

    Location             Delay type                Incr(ns)  Path(ns)    Netlist Resource(s)
  -------------------------------------------------------------------    -------------------
    V15                                               0.000     0.000 r  input[8] (IN)
                         net (fo=0)                   0.000     0.000    input[8]
    V15                  IBUF (Prop_ibuf_I_O)         0.951     0.951 r  output[15]_INST_0_i_14/O
                         net (fo=4, routed)           1.706     2.657    output[15]_INST_0_i_14_n_0
    SLICE_X0Y10          LUT6 (Prop_lut6_I3_O)        0.124     2.781 r  output[13]_INST_0_i_4/O
                         net (fo=4, routed)           0.856     3.638    output[13]_INST_0_i_4_n_0
    SLICE_X0Y12          LUT6 (Prop_lut6_I5_O)        0.124     3.762 r  output[9]_INST_0_i_1/O
                         net (fo=1, routed)           2.293     6.054    output_OBUF[9]
    R19                  OBUF (Prop_obuf_I_O)         2.596     8.651 r  output[9]_INST_0/O
                         net (fo=0)                   0.000     8.651    output[9]
    R19                                                               r  output[9] (OUT)
  -------------------------------------------------------------------    -------------------

Slack:                    inf
  Source:                 ctrl[0]
                            (input port)
  Destination:            output[13]
                            (output port)
  Path Group:             (none)
  Path Type:              Max at Slow Process Corner
  Data Path Delay:        8.571ns  (logic 3.796ns (44.289%)  route 4.775ns (55.711%))
  Logic Levels:           4  (IBUF=1 LUT6=2 OBUF=1)

    Location             Delay type                Incr(ns)  Path(ns)    Netlist Resource(s)
  -------------------------------------------------------------------    -------------------
    T17                                               0.000     0.000 r  ctrl[0] (IN)
                         net (fo=0)                   0.000     0.000    ctrl[0]
    T17                  IBUF (Prop_ibuf_I_O)         0.936     0.936 r  ctrl_IBUF[0]_inst/O
                         net (fo=16, routed)          1.622     2.558    ctrl_IBUF[0]
    SLICE_X1Y11          LUT6 (Prop_lut6_I4_O)        0.124     2.682 r  output[13]_INST_0_i_5/O
                         net (fo=4, routed)           0.825     3.507    output[13]_INST_0_i_5_n_0
    SLICE_X0Y12          LUT6 (Prop_lut6_I5_O)        0.124     3.631 r  output[13]_INST_0_i_1/O
                         net (fo=1, routed)           2.328     5.959    output_OBUF[13]
    K18                  OBUF (Prop_obuf_I_O)         2.612     8.571 r  output[13]_INST_0/O
                         net (fo=0)                   0.000     8.571    output[13]
    K18                                                               r  output[13] (OUT)
  -------------------------------------------------------------------    -------------------





Min Delay Paths
--------------------------------------------------------------------------------------
Slack:                    inf
  Source:                 ctrl[2]
                            (input port)
  Destination:            output[1]
                            (output port)
  Path Group:             (none)
  Path Type:              Min at Fast Process Corner
  Data Path Delay:        2.227ns  (logic 1.324ns (59.422%)  route 0.904ns (40.578%))
  Logic Levels:           3  (IBUF=1 LUT6=1 OBUF=1)

    Location             Delay type                Incr(ns)  Path(ns)    Netlist Resource(s)
  -------------------------------------------------------------------    -------------------
    W18                                               0.000     0.000 r  ctrl[2] (IN)
                         net (fo=0)                   0.000     0.000    ctrl[2]
    W18                  IBUF (Prop_ibuf_I_O)         0.168     0.168 r  ctrl_IBUF[2]_inst/O
                         net (fo=16, routed)          0.473     0.641    ctrl_IBUF[2]
    SLICE_X0Y12          LUT6 (Prop_lut6_I4_O)        0.045     0.686 r  output[1]_INST_0_i_1/O
                         net (fo=1, routed)           0.431     1.117    output_OBUF[1]
    R18                  OBUF (Prop_obuf_I_O)         1.111     2.227 r  output[1]_INST_0/O
                         net (fo=0)                   0.000     2.227    output[1]
    R18                                                               r  output[1] (OUT)
  -------------------------------------------------------------------    -------------------

Slack:                    inf
  Source:                 ctrl[2]
                            (input port)
  Destination:            output[0]
                            (output port)
  Path Group:             (none)
  Path Type:              Min at Fast Process Corner
  Data Path Delay:        2.336ns  (logic 1.324ns (56.689%)  route 1.012ns (43.311%))
  Logic Levels:           3  (IBUF=1 LUT6=1 OBUF=1)

    Location             Delay type                Incr(ns)  Path(ns)    Netlist Resource(s)
  -------------------------------------------------------------------    -------------------
    W18                                               0.000     0.000 r  ctrl[2] (IN)
                         net (fo=0)                   0.000     0.000    ctrl[2]
    W18                  IBUF (Prop_ibuf_I_O)         0.168     0.168 r  ctrl_IBUF[2]_inst/O
                         net (fo=16, routed)          0.572     0.740    ctrl_IBUF[2]
    SLICE_X0Y11          LUT6 (Prop_lut6_I4_O)        0.045     0.785 r  output[0]_INST_0_i_1/O
                         net (fo=1, routed)           0.440     1.224    output_OBUF[0]
    U19                  OBUF (Prop_obuf_I_O)         1.111     2.336 r  output[0]_INST_0/O
                         net (fo=0)                   0.000     2.336    output[0]
    U19                                                               r  output[0] (OUT)
  -------------------------------------------------------------------    -------------------

Slack:                    inf
  Source:                 input[8]
                            (input port)
  Destination:            output[4]
                            (output port)
  Path Group:             (none)
  Path Type:              Min at Fast Process Corner
  Data Path Delay:        2.428ns  (logic 1.373ns (56.540%)  route 1.055ns (43.460%))
  Logic Levels:           4  (IBUF=1 LUT6=2 OBUF=1)

    Location             Delay type                Incr(ns)  Path(ns)    Netlist Resource(s)
  -------------------------------------------------------------------    -------------------
    V15                                               0.000     0.000 r  input[8] (IN)
                         net (fo=0)                   0.000     0.000    input[8]
    V15                  IBUF (Prop_ibuf_I_O)         0.180     0.180 r  output[15]_INST_0_i_14/O
                         net (fo=4, routed)           0.347     0.527    output[15]_INST_0_i_14_n_0
    SLICE_X0Y8           LUT6 (Prop_lut6_I5_O)        0.045     0.572 r  output[12]_INST_0_i_4/O
                         net (fo=4, routed)           0.201     0.774    output[12]_INST_0_i_4_n_0
    SLICE_X0Y11          LUT6 (Prop_lut6_I0_O)        0.045     0.819 r  output[4]_INST_0_i_1/O
                         net (fo=1, routed)           0.507     1.325    output_OBUF[4]
    N17                  OBUF (Prop_obuf_I_O)         1.103     2.428 r  output[4]_INST_0/O
                         net (fo=0)                   0.000     2.428    output[4]
    N17                                                               r  output[4] (OUT)
  -------------------------------------------------------------------    -------------------

Slack:                    inf
  Source:                 ctrl[3]
                            (input port)
  Destination:            output[5]
                            (output port)
  Path Group:             (none)
  Path Type:              Min at Fast Process Corner
  Data Path Delay:        2.431ns  (logic 1.360ns (55.934%)  route 1.071ns (44.066%))
  Logic Levels:           3  (IBUF=1 LUT6=1 OBUF=1)

    Location             Delay type                Incr(ns)  Path(ns)    Netlist Resource(s)
  -------------------------------------------------------------------    -------------------
    V19                                               0.000     0.000 r  ctrl[3] (IN)
                         net (fo=0)                   0.000     0.000    ctrl[3]
    V19                  IBUF (Prop_ibuf_I_O)         0.168     0.168 r  ctrl_IBUF[3]_inst/O
                         net (fo=16, routed)          0.537     0.706    ctrl_IBUF[3]
    SLICE_X0Y12          LUT6 (Prop_lut6_I2_O)        0.045     0.751 r  output[5]_INST_0_i_1/O
                         net (fo=1, routed)           0.534     1.285    output_OBUF[5]
    K17                  OBUF (Prop_obuf_I_O)         1.147     2.431 r  output[5]_INST_0/O
                         net (fo=0)                   0.000     2.431    output[5]
    K17                                                               r  output[5] (OUT)
  -------------------------------------------------------------------    -------------------

Slack:                    inf
  Source:                 ctrl[2]
                            (input port)
  Destination:            output[13]
                            (output port)
  Path Group:             (none)
  Path Type:              Min at Fast Process Corner
  Data Path Delay:        2.448ns  (logic 1.342ns (54.807%)  route 1.106ns (45.193%))
  Logic Levels:           3  (IBUF=1 LUT6=1 OBUF=1)

    Location             Delay type                Incr(ns)  Path(ns)    Netlist Resource(s)
  -------------------------------------------------------------------    -------------------
    W18                                               0.000     0.000 r  ctrl[2] (IN)
                         net (fo=0)                   0.000     0.000    ctrl[2]
    W18                  IBUF (Prop_ibuf_I_O)         0.168     0.168 r  ctrl_IBUF[2]_inst/O
                         net (fo=16, routed)          0.472     0.640    ctrl_IBUF[2]
    SLICE_X0Y12          LUT6 (Prop_lut6_I4_O)        0.045     0.685 r  output[13]_INST_0_i_1/O
                         net (fo=1, routed)           0.634     1.319    output_OBUF[13]
    K18                  OBUF (Prop_obuf_I_O)         1.129     2.448 r  output[13]_INST_0/O
                         net (fo=0)                   0.000     2.448    output[13]
    K18                                                               r  output[13] (OUT)
  -------------------------------------------------------------------    -------------------

Slack:                    inf
  Source:                 ctrl[3]
                            (input port)
  Destination:            output[3]
                            (output port)
  Path Group:             (none)
  Path Type:              Min at Fast Process Corner
  Data Path Delay:        2.456ns  (logic 1.320ns (53.758%)  route 1.136ns (46.242%))
  Logic Levels:           3  (IBUF=1 LUT6=1 OBUF=1)

    Location             Delay type                Incr(ns)  Path(ns)    Netlist Resource(s)
  -------------------------------------------------------------------    -------------------
    V19                                               0.000     0.000 r  ctrl[3] (IN)
                         net (fo=0)                   0.000     0.000    ctrl[3]
    V19                  IBUF (Prop_ibuf_I_O)         0.168     0.168 r  ctrl_IBUF[3]_inst/O
                         net (fo=16, routed)          0.629     0.797    ctrl_IBUF[3]
    SLICE_X1Y10          LUT6 (Prop_lut6_I2_O)        0.045     0.842 r  output[3]_INST_0_i_1/O
                         net (fo=1, routed)           0.507     1.349    output_OBUF[3]
    P17                  OBUF (Prop_obuf_I_O)         1.107     2.456 r  output[3]_INST_0/O
                         net (fo=0)                   0.000     2.456    output[3]
    P17                                                               r  output[3] (OUT)
  -------------------------------------------------------------------    -------------------

Slack:                    inf
  Source:                 ctrl[3]
                            (input port)
  Destination:            output[9]
                            (output port)
  Path Group:             (none)
  Path Type:              Min at Fast Process Corner
  Data Path Delay:        2.476ns  (logic 1.327ns (53.586%)  route 1.149ns (46.414%))
  Logic Levels:           3  (IBUF=1 LUT6=1 OBUF=1)

    Location             Delay type                Incr(ns)  Path(ns)    Netlist Resource(s)
  -------------------------------------------------------------------    -------------------
    V19                                               0.000     0.000 r  ctrl[3] (IN)
                         net (fo=0)                   0.000     0.000    ctrl[3]
    V19                  IBUF (Prop_ibuf_I_O)         0.168     0.168 r  ctrl_IBUF[3]_inst/O
                         net (fo=16, routed)          0.534     0.702    ctrl_IBUF[3]
    SLICE_X0Y12          LUT6 (Prop_lut6_I2_O)        0.045     0.747 r  output[9]_INST_0_i_1/O
                         net (fo=1, routed)           0.616     1.363    output_OBUF[9]
    R19                  OBUF (Prop_obuf_I_O)         1.113     2.476 r  output[9]_INST_0/O
                         net (fo=0)                   0.000     2.476    output[9]
    R19                                                               r  output[9] (OUT)
  -------------------------------------------------------------------    -------------------

Slack:                    inf
  Source:                 ctrl[2]
                            (input port)
  Destination:            output[12]
                            (output port)
  Path Group:             (none)
  Path Type:              Min at Fast Process Corner
  Data Path Delay:        2.525ns  (logic 1.318ns (52.216%)  route 1.206ns (47.784%))
  Logic Levels:           3  (IBUF=1 LUT6=1 OBUF=1)

    Location             Delay type                Incr(ns)  Path(ns)    Netlist Resource(s)
  -------------------------------------------------------------------    -------------------
    W18                                               0.000     0.000 r  ctrl[2] (IN)
                         net (fo=0)                   0.000     0.000    ctrl[2]
    W18                  IBUF (Prop_ibuf_I_O)         0.168     0.168 r  ctrl_IBUF[2]_inst/O
                         net (fo=16, routed)          0.573     0.741    ctrl_IBUF[2]
    SLICE_X0Y11          LUT6 (Prop_lut6_I4_O)        0.045     0.786 r  output[12]_INST_0_i_1/O
                         net (fo=1, routed)           0.633     1.419    output_OBUF[12]
    N18                  OBUF (Prop_obuf_I_O)         1.106     2.525 r  output[12]_INST_0/O
                         net (fo=0)                   0.000     2.525    output[12]
    N18                                                               r  output[12] (OUT)
  -------------------------------------------------------------------    -------------------

Slack:                    inf
  Source:                 input[8]
                            (input port)
  Destination:            output[8]
                            (output port)
  Path Group:             (none)
  Path Type:              Min at Fast Process Corner
  Data Path Delay:        2.553ns  (logic 1.388ns (54.363%)  route 1.165ns (45.637%))
  Logic Levels:           4  (IBUF=1 LUT6=2 OBUF=1)

    Location             Delay type                Incr(ns)  Path(ns)    Netlist Resource(s)
  -------------------------------------------------------------------    -------------------
    V15                                               0.000     0.000 r  input[8] (IN)
                         net (fo=0)                   0.000     0.000    input[8]
    V15                  IBUF (Prop_ibuf_I_O)         0.180     0.180 r  output[15]_INST_0_i_14/O
                         net (fo=4, routed)           0.347     0.527    output[15]_INST_0_i_14_n_0
    SLICE_X0Y8           LUT6 (Prop_lut6_I5_O)        0.045     0.572 r  output[12]_INST_0_i_4/O
                         net (fo=4, routed)           0.203     0.775    output[12]_INST_0_i_4_n_0
    SLICE_X0Y11          LUT6 (Prop_lut6_I5_O)        0.045     0.820 r  output[8]_INST_0_i_1/O
                         net (fo=1, routed)           0.616     1.435    output_OBUF[8]
    M18                  OBUF (Prop_obuf_I_O)         1.118     2.553 r  output[8]_INST_0/O
                         net (fo=0)                   0.000     2.553    output[8]
    M18                                                               r  output[8] (OUT)
  -------------------------------------------------------------------    -------------------

Slack:                    inf
  Source:                 ctrl[3]
                            (input port)
  Destination:            output[2]
                            (output port)
  Path Group:             (none)
  Path Type:              Min at Fast Process Corner
  Data Path Delay:        2.562ns  (logic 1.337ns (52.206%)  route 1.224ns (47.794%))
  Logic Levels:           3  (IBUF=1 LUT6=1 OBUF=1)

    Location             Delay type                Incr(ns)  Path(ns)    Netlist Resource(s)
  -------------------------------------------------------------------    -------------------
    V19                                               0.000     0.000 r  ctrl[3] (IN)
                         net (fo=0)                   0.000     0.000    ctrl[3]
    V19                  IBUF (Prop_ibuf_I_O)         0.168     0.168 r  ctrl_IBUF[3]_inst/O
                         net (fo=16, routed)          0.727     0.896    ctrl_IBUF[3]
    SLICE_X1Y9           LUT6 (Prop_lut6_I2_O)        0.045     0.941 r  output[2]_INST_0_i_1/O
                         net (fo=1, routed)           0.497     1.438    output_OBUF[2]
    P18                  OBUF (Prop_obuf_I_O)         1.124     2.562 r  output[2]_INST_0/O
                         net (fo=0)                   0.000     2.562    output[2]
    P18                                                               r  output[2] (OUT)
  -------------------------------------------------------------------    -------------------





